// Jest Snapshot v1, https://goo.gl/fbAQLP

exports[`<InputLabel/> should have the right class names when a custom class name is passed 1`] = `
<label
  className="slds-form-element__label my-custom-class-name"
>
  Input Label
</label>
`;
